// Jest Snapshot v1, https://goo.gl/fbAQLP

exports[`should render HomePage component should match snapshot 1`] = `
<DocumentFragment>
  <div
    class="sc-gtsrHT inYPAp"
  >
    <img
      alt="classic vintage library of books"
      class="sc-dlnjwi cTNnPW"
      src="library.jpg"
    />
    <h3>
      Find books by letters or alphabets
    </h3>
    <div
      class="sc-bdnxRM cZnSuQ"
    >
      <div
        class="row mt-3 mb-3"
      >
        <div>
          <button
            class="col-3 col-md-1 m-2 mb-3 btn btn-outline-success"
            data-testid="letterButton"
            type="button"
          >
            A
          </button>
          <button
            class="col-3 col-md-1 m-2 mb-3 btn btn-outline-success"
            data-testid="letterButton"
            type="button"
          >
            B
          </button>
          <button
            class="col-3 col-md-1 m-2 mb-3 btn btn-outline-success"
            data-testid="letterButton"
            type="button"
          >
            C
          </button>
          <button
            class="col-3 col-md-1 m-2 mb-3 btn btn-outline-success"
            data-testid="letterButton"
            type="button"
          >
            D
          </button>
          <button
            class="col-3 col-md-1 m-2 mb-3 btn btn-outline-success"
            data-testid="letterButton"
            type="button"
          >
            E
          </button>
          <button
            class="col-3 col-md-1 m-2 mb-3 btn btn-outline-success"
            data-testid="letterButton"
            type="button"
          >
            F
          </button>
          <button
            class="col-3 col-md-1 m-2 mb-3 btn btn-outline-success"
            data-testid="letterButton"
            type="button"
          >
            G
          </button>
          <button
            class="col-3 col-md-1 m-2 mb-3 btn btn-outline-success"
            data-testid="letterButton"
            type="button"
          >
            H
          </button>
          <button
            class="col-3 col-md-1 m-2 mb-3 btn btn-outline-success"
            data-testid="letterButton"
            type="button"
          >
            I
          </button>
          <button
            class="col-3 col-md-1 m-2 mb-3 btn btn-outline-success"
            data-testid="letterButton"
            type="button"
          >
            J
          </button>
          <button
            class="col-3 col-md-1 m-2 mb-3 btn btn-outline-success"
            data-testid="letterButton"
            type="button"
          >
            K
          </button>
          <button
            class="col-3 col-md-1 m-2 mb-3 btn btn-outline-success"
            data-testid="letterButton"
            type="button"
          >
            L
          </button>
          <button
            class="col-3 col-md-1 m-2 mb-3 btn btn-outline-success"
            data-testid="letterButton"
            type="button"
          >
            M
          </button>
          <button
            class="col-3 col-md-1 m-2 mb-3 btn btn-outline-success"
            data-testid="letterButton"
            type="button"
          >
            N
          </button>
          <button
            class="col-3 col-md-1 m-2 mb-3 btn btn-outline-success"
            data-testid="letterButton"
            type="button"
          >
            O
          </button>
          <button
            class="col-3 col-md-1 m-2 mb-3 btn btn-outline-success"
            data-testid="letterButton"
            type="button"
          >
            P
          </button>
          <button
            class="col-3 col-md-1 m-2 mb-3 btn btn-outline-success"
            data-testid="letterButton"
            type="button"
          >
            Q
          </button>
          <button
            class="col-3 col-md-1 m-2 mb-3 btn btn-outline-success"
            data-testid="letterButton"
            type="button"
          >
            R
          </button>
          <button
            class="col-3 col-md-1 m-2 mb-3 btn btn-outline-success"
            data-testid="letterButton"
            type="button"
          >
            S
          </button>
          <button
            class="col-3 col-md-1 m-2 mb-3 btn btn-outline-success"
            data-testid="letterButton"
            type="button"
          >
            T
          </button>
          <button
            class="col-3 col-md-1 m-2 mb-3 btn btn-outline-success"
            data-testid="letterButton"
            type="button"
          >
            U
          </button>
          <button
            class="col-3 col-md-1 m-2 mb-3 btn btn-outline-success"
            data-testid="letterButton"
            type="button"
          >
            V
          </button>
          <button
            class="col-3 col-md-1 m-2 mb-3 btn btn-outline-success"
            data-testid="letterButton"
            type="button"
          >
            W
          </button>
          <button
            class="col-3 col-md-1 m-2 mb-3 btn btn-outline-success"
            data-testid="letterButton"
            type="button"
          >
            X
          </button>
          <button
            class="col-3 col-md-1 m-2 mb-3 btn btn-outline-success"
            data-testid="letterButton"
            type="button"
          >
            Y
          </button>
          <button
            class="col-3 col-md-1 m-2 mb-3 btn btn-outline-success"
            data-testid="letterButton"
            type="button"
          >
            Z
          </button>
        </div>
      </div>
      <div
        class="row mb-3"
      >
        <button
          class="col m-2 p-2 btn btn-outline-primary"
          data-testid="numberButton"
          type="button"
        >
          0
        </button>
        <button
          class="col m-2 p-2 btn btn-outline-primary"
          data-testid="numberButton"
          type="button"
        >
          1
        </button>
        <button
          class="col m-2 p-2 btn btn-outline-primary"
          data-testid="numberButton"
          type="button"
        >
          2
        </button>
        <button
          class="col m-2 p-2 btn btn-outline-primary"
          data-testid="numberButton"
          type="button"
        >
          3
        </button>
        <button
          class="col m-2 p-2 btn btn-outline-primary"
          data-testid="numberButton"
          type="button"
        >
          4
        </button>
        <button
          class="col m-2 p-2 btn btn-outline-primary"
          data-testid="numberButton"
          type="button"
        >
          5
        </button>
        <button
          class="col m-2 p-2 btn btn-outline-primary"
          data-testid="numberButton"
          type="button"
        >
          6
        </button>
        <button
          class="col m-2 p-2 btn btn-outline-primary"
          data-testid="numberButton"
          type="button"
        >
          7
        </button>
        <button
          class="col m-2 p-2 btn btn-outline-primary"
          data-testid="numberButton"
          type="button"
        >
          8
        </button>
        <button
          class="col m-2 p-2 btn btn-outline-primary"
          data-testid="numberButton"
          type="button"
        >
          9
        </button>
      </div>
    </div>
  </div>
</DocumentFragment>
`;
